[     111ms] [LOG] Angular is running in development mode. @ http://localhost:4200/@fs/C:/Users/conta/Documents/dev/Angular-YOUTUBE/parking%20management/parking-management/.angular/cache/19.2.27/parking-management/vite/deps/chunk-6CBMWIVU.js?v=00c46409:18520
[     345ms] [VERBOSE] [DOM] Input elements should have autocomplete attributes (suggested: "current-password"): (More info: https://www.chromium.org/developers/design-documents/create-amazing-password-forms) %o @ http://localhost:4200/auth/login:0
[  144634ms] [LOG] https://fonts.googleapis.com/css2?family=Roboto:wght@300;400;500&display=swap @ :0
[  144634ms] [LOG] https://fonts.googleapis.com/icon?family=Material+Icons @ :0
[  144634ms] [LOG] http://localhost:4200/styles.css @ :0
[  211182ms] [ERROR] Failed to load resource: net::ERR_CONNECTION_RESET @ http://localhost:4200/styles.css?t=1787272571033:0
[  211185ms] [LOG] [vite] server connection lost. Polling for restart... @ http://localhost:4200/@vite/client:957
[  213507ms] [ERROR] WebSocket connection to 'ws://localhost:4200/' failed: Error in connection establishment: net::ERR_CONNECTION_REFUSED @ http://localhost:4200/@vite/client:1028
[  216874ms] [ERROR] WebSocket connection to 'ws://localhost:4200/' failed: Error in connection establishment: net::ERR_CONNECTION_REFUSED @ http://localhost:4200/@vite/client:1028
[  220226ms] [ERROR] WebSocket connection to 'ws://localhost:4200/' failed: Error in connection establishment: net::ERR_CONNECTION_REFUSED @ http://localhost:4200/@vite/client:1028
[  223577ms] [ERROR] WebSocket connection to 'ws://localhost:4200/' failed: Error in connection establishment: net::ERR_CONNECTION_REFUSED @ http://localhost:4200/@vite/client:1028
[  226912ms] [ERROR] WebSocket connection to 'ws://localhost:4200/' failed: Error in connection establishment: net::ERR_CONNECTION_REFUSED @ http://localhost:4200/@vite/client:1028
[  230264ms] [ERROR] WebSocket connection to 'ws://localhost:4200/' failed: Error in connection establishment: net::ERR_CONNECTION_REFUSED @ http://localhost:4200/@vite/client:1028
[  233648ms] [ERROR] WebSocket connection to 'ws://localhost:4200/' failed: Error in connection establishment: net::ERR_CONNECTION_REFUSED @ http://localhost:4200/@vite/client:1028
[  237016ms] [ERROR] WebSocket connection to 'ws://localhost:4200/' failed: Error in connection establishment: net::ERR_CONNECTION_REFUSED @ http://localhost:4200/@vite/client:1028
[  240386ms] [ERROR] WebSocket connection to 'ws://localhost:4200/' failed: Error in connection establishment: net::ERR_CONNECTION_REFUSED @ http://localhost:4200/@vite/client:1028
[  243771ms] [ERROR] WebSocket connection to 'ws://localhost:4200/' failed: Error in connection establishment: net::ERR_CONNECTION_REFUSED @ http://localhost:4200/@vite/client:1028
[  247199ms] [ERROR] WebSocket connection to 'ws://localhost:4200/' failed: Error in connection establishment: net::ERR_CONNECTION_REFUSED @ http://localhost:4200/@vite/client:1028
[  250652ms] [ERROR] WebSocket connection to 'ws://localhost:4200/' failed: Error in connection establishment: net::ERR_CONNECTION_REFUSED @ http://localhost:4200/@vite/client:1028
[  254202ms] [ERROR] WebSocket connection to 'ws://localhost:4200/' failed: Error in connection establishment: net::ERR_CONNECTION_REFUSED @ http://localhost:4200/@vite/client:1028
[  257789ms] [ERROR] WebSocket connection to 'ws://localhost:4200/' failed: Error in connection establishment: net::ERR_CONNECTION_REFUSED @ http://localhost:4200/@vite/client:1028
[  261510ms] [ERROR] WebSocket connection to 'ws://localhost:4200/' failed: Error in connection establishment: net::ERR_CONNECTION_REFUSED @ http://localhost:4200/@vite/client:1028
[  267162ms] [ERROR] WebSocket connection to 'ws://localhost:4200/' failed: Error in connection establishment: net::ERR_CONNECTION_REFUSED @ http://localhost:4200/@vite/client:1028
[  274768ms] [ERROR] WebSocket connection to 'ws://localhost:4200/' failed: Error in connection establishment: net::ERR_CONNECTION_REFUSED @ http://localhost:4200/@vite/client:1028
[  281336ms] [ERROR] WebSocket connection to 'ws://localhost:4200/' failed: Error in connection establishment: net::ERR_CONNECTION_REFUSED @ http://localhost:4200/@vite/client:1028
[  286806ms] [ERROR] WebSocket connection to 'ws://localhost:4200/' failed: Error in connection establishment: net::ERR_CONNECTION_REFUSED @ http://localhost:4200/@vite/client:1028
[  295022ms] [ERROR] WebSocket connection to 'ws://localhost:4200/' failed: Error in connection establishment: net::ERR_CONNECTION_REFUSED @ http://localhost:4200/@vite/client:1028
[  299712ms] [ERROR] WebSocket connection to 'ws://localhost:4200/' failed: Error in connection establishment: net::ERR_CONNECTION_REFUSED @ http://localhost:4200/@vite/client:1028
[  304623ms] [ERROR] WebSocket connection to 'ws://localhost:4200/' failed: Error in connection establishment: net::ERR_CONNECTION_REFUSED @ http://localhost:4200/@vite/client:1028
[  311043ms] [ERROR] WebSocket connection to 'ws://localhost:4200/' failed: Error in connection establishment: net::ERR_CONNECTION_REFUSED @ http://localhost:4200/@vite/client:1028
[  319230ms] [ERROR] WebSocket connection to 'ws://localhost:4200/' failed: Error in connection establishment: net::ERR_CONNECTION_REFUSED @ http://localhost:4200/@vite/client:1028
[  326286ms] [ERROR] WebSocket connection to 'ws://localhost:4200/' failed: Error in connection establishment: net::ERR_CONNECTION_REFUSED @ http://localhost:4200/@vite/client:1028
[  332449ms] [ERROR] WebSocket connection to 'ws://localhost:4200/' failed: Error in connection establishment: net::ERR_CONNECTION_REFUSED @ http://localhost:4200/@vite/client:1028
[  339263ms] [ERROR] WebSocket connection to 'ws://localhost:4200/' failed: Error in connection establishment: net::ERR_CONNECTION_REFUSED @ http://localhost:4200/@vite/client:1028
[  344645ms] [ERROR] WebSocket connection to 'ws://localhost:4200/' failed: Error in connection establishment: net::ERR_CONNECTION_REFUSED @ http://localhost:4200/@vite/client:1028
[  352095ms] [ERROR] WebSocket connection to 'ws://localhost:4200/' failed: Error in connection establishment: net::ERR_CONNECTION_REFUSED @ http://localhost:4200/@vite/client:1028
[  356813ms] [ERROR] WebSocket connection to 'ws://localhost:4200/' failed: Error in connection establishment: net::ERR_CONNECTION_REFUSED @ http://localhost:4200/@vite/client:1028
[  361313ms] [ERROR] WebSocket connection to 'ws://localhost:4200/' failed: Error in connection establishment: net::ERR_CONNECTION_REFUSED @ http://localhost:4200/@vite/client:1028
[  369563ms] [ERROR] WebSocket connection to 'ws://localhost:4200/' failed: Error in connection establishment: net::ERR_CONNECTION_REFUSED @ http://localhost:4200/@vite/client:1028
[  375437ms] [ERROR] WebSocket connection to 'ws://localhost:4200/' failed: Error in connection establishment: net::ERR_CONNECTION_REFUSED @ http://localhost:4200/@vite/client:1028
[  382800ms] [ERROR] WebSocket connection to 'ws://localhost:4200/' failed: Error in connection establishment: net::ERR_CONNECTION_REFUSED @ http://localhost:4200/@vite/client:1028
[  388428ms] [ERROR] WebSocket connection to 'ws://localhost:4200/' failed: Error in connection establishment: net::ERR_CONNECTION_REFUSED @ http://localhost:4200/@vite/client:1028
[  396728ms] [ERROR] WebSocket connection to 'ws://localhost:4200/' failed: Error in connection establishment: net::ERR_CONNECTION_REFUSED @ http://localhost:4200/@vite/client:1028
[  402234ms] [ERROR] WebSocket connection to 'ws://localhost:4200/' failed: Error in connection establishment: net::ERR_CONNECTION_REFUSED @ http://localhost:4200/@vite/client:1028
[  407278ms] [ERROR] WebSocket connection to 'ws://localhost:4200/' failed: Error in connection establishment: net::ERR_CONNECTION_REFUSED @ http://localhost:4200/@vite/client:1028
[  412053ms] [ERROR] WebSocket connection to 'ws://localhost:4200/' failed: Error in connection establishment: net::ERR_CONNECTION_REFUSED @ http://localhost:4200/@vite/client:1028
[  420097ms] [ERROR] WebSocket connection to 'ws://localhost:4200/' failed: Error in connection establishment: net::ERR_CONNECTION_REFUSED @ http://localhost:4200/@vite/client:1028
[  424762ms] [ERROR] WebSocket connection to 'ws://localhost:4200/' failed: Error in connection establishment: net::ERR_CONNECTION_REFUSED @ http://localhost:4200/@vite/client:1028
[  430322ms] [ERROR] WebSocket connection to 'ws://localhost:4200/' failed: Error in connection establishment: net::ERR_CONNECTION_REFUSED @ http://localhost:4200/@vite/client:1028
[  437185ms] [ERROR] WebSocket connection to 'ws://localhost:4200/' failed: Error in connection establishment: net::ERR_CONNECTION_REFUSED @ http://localhost:4200/@vite/client:1028
[  441889ms] [ERROR] WebSocket connection to 'ws://localhost:4200/' failed: Error in connection establishment: net::ERR_CONNECTION_REFUSED @ http://localhost:4200/@vite/client:1028
[  446279ms] [ERROR] WebSocket connection to 'ws://localhost:4200/' failed: Error in connection establishment: net::ERR_CONNECTION_REFUSED @ http://localhost:4200/@vite/client:1028
[  451565ms] [ERROR] WebSocket connection to 'ws://localhost:4200/' failed: Error in connection establishment: net::ERR_CONNECTION_REFUSED @ http://localhost:4200/@vite/client:1028
[  457617ms] [ERROR] WebSocket connection to 'ws://localhost:4200/' failed: Error in connection establishment: net::ERR_CONNECTION_REFUSED @ http://localhost:4200/@vite/client:1028
[  463401ms] [ERROR] WebSocket connection to 'ws://localhost:4200/' failed: Error in connection establishment: net::ERR_CONNECTION_REFUSED @ http://localhost:4200/@vite/client:1028
[  471532ms] [ERROR] WebSocket connection to 'ws://localhost:4200/' failed: Error in connection establishment: net::ERR_CONNECTION_REFUSED @ http://localhost:4200/@vite/client:1028
[  478419ms] [ERROR] WebSocket connection to 'ws://localhost:4200/' failed: Error in connection establishment: net::ERR_CONNECTION_REFUSED @ http://localhost:4200/@vite/client:1028
[  483086ms] [ERROR] WebSocket connection to 'ws://localhost:4200/' failed: Error in connection establishment: net::ERR_CONNECTION_REFUSED @ http://localhost:4200/@vite/client:1028
[  491428ms] [ERROR] WebSocket connection to 'ws://localhost:4200/' failed: Error in connection establishment: net::ERR_CONNECTION_REFUSED @ http://localhost:4200/@vite/client:1028
[  498992ms] [ERROR] WebSocket connection to 'ws://localhost:4200/' failed: Error in connection establishment: net::ERR_CONNECTION_REFUSED @ http://localhost:4200/@vite/client:1028
[  504325ms] [ERROR] WebSocket connection to 'ws://localhost:4200/' failed: Error in connection establishment: net::ERR_CONNECTION_REFUSED @ http://localhost:4200/@vite/client:1028
[  512151ms] [ERROR] WebSocket connection to 'ws://localhost:4200/' failed: Error in connection establishment: net::ERR_CONNECTION_REFUSED @ http://localhost:4200/@vite/client:1028
[  516555ms] [ERROR] WebSocket connection to 'ws://localhost:4200/' failed: Error in connection establishment: net::ERR_CONNECTION_REFUSED @ http://localhost:4200/@vite/client:1028
[  522532ms] [ERROR] WebSocket connection to 'ws://localhost:4200/' failed: Error in connection establishment: net::ERR_CONNECTION_REFUSED @ http://localhost:4200/@vite/client:1028
[  527479ms] [ERROR] WebSocket connection to 'ws://localhost:4200/' failed: Error in connection establishment: net::ERR_CONNECTION_REFUSED @ http://localhost:4200/@vite/client:1028
[  535843ms] [ERROR] WebSocket connection to 'ws://localhost:4200/' failed: Error in connection establishment: net::ERR_CONNECTION_REFUSED @ http://localhost:4200/@vite/client:1028
[  541738ms] [ERROR] WebSocket connection to 'ws://localhost:4200/' failed: Error in connection establishment: net::ERR_CONNECTION_REFUSED @ http://localhost:4200/@vite/client:1028
[  547875ms] [ERROR] WebSocket connection to 'ws://localhost:4200/' failed: Error in connection establishment: net::ERR_CONNECTION_REFUSED @ http://localhost:4200/@vite/client:1028
[  553403ms] [ERROR] WebSocket connection to 'ws://localhost:4200/' failed: Error in connection establishment: net::ERR_CONNECTION_REFUSED @ http://localhost:4200/@vite/client:1028
[  561294ms] [ERROR] WebSocket connection to 'ws://localhost:4200/' failed: Error in connection establishment: net::ERR_CONNECTION_REFUSED @ http://localhost:4200/@vite/client:1028
[  568888ms] [ERROR] WebSocket connection to 'ws://localhost:4200/' failed: Error in connection establishment: net::ERR_CONNECTION_REFUSED @ http://localhost:4200/@vite/client:1028
[  574783ms] [ERROR] WebSocket connection to 'ws://localhost:4200/' failed: Error in connection establishment: net::ERR_CONNECTION_REFUSED @ http://localhost:4200/@vite/client:1028
[  579830ms] [ERROR] WebSocket connection to 'ws://localhost:4200/' failed: Error in connection establishment: net::ERR_CONNECTION_REFUSED @ http://localhost:4200/@vite/client:1028
[  585676ms] [ERROR] WebSocket connection to 'ws://localhost:4200/' failed: Error in connection establishment: net::ERR_CONNECTION_REFUSED @ http://localhost:4200/@vite/client:1028
[  591264ms] [ERROR] WebSocket connection to 'ws://localhost:4200/' failed: Error in connection establishment: net::ERR_CONNECTION_REFUSED @ http://localhost:4200/@vite/client:1028
[  601473ms] [LOG] Angular is running in development mode. @ http://localhost:4200/@fs/C:/Users/conta/Documents/dev/Angular-YOUTUBE/parking%20management/parking-management/.angular/cache/19.2.27/parking-management/vite/deps/chunk-6CBMWIVU.js?v=f5f838d7:18520
[  601668ms] [VERBOSE] [DOM] Input elements should have autocomplete attributes (suggested: "current-password"): (More info: https://www.chromium.org/developers/design-documents/create-amazing-password-forms) %o @ http://localhost:4200/auth/login:0
[  648437ms] [LOG] [vite] server connection lost. Polling for restart... @ http://localhost:4200/@vite/client:957
[  650803ms] [ERROR] WebSocket connection to 'ws://localhost:4200/' failed: Error in connection establishment: net::ERR_CONNECTION_REFUSED @ http://localhost:4200/@vite/client:1028
[  654185ms] [ERROR] WebSocket connection to 'ws://localhost:4200/' failed: Error in connection establishment: net::ERR_CONNECTION_REFUSED @ http://localhost:4200/@vite/client:1028
[  657562ms] [ERROR] WebSocket connection to 'ws://localhost:4200/' failed: Error in connection establishment: net::ERR_CONNECTION_REFUSED @ http://localhost:4200/@vite/client:1028
[  660929ms] [ERROR] WebSocket connection to 'ws://localhost:4200/' failed: Error in connection establishment: net::ERR_CONNECTION_REFUSED @ http://localhost:4200/@vite/client:1028
[  664308ms] [ERROR] WebSocket connection to 'ws://localhost:4200/' failed: Error in connection establishment: net::ERR_CONNECTION_REFUSED @ http://localhost:4200/@vite/client:1028
[  667679ms] [ERROR] WebSocket connection to 'ws://localhost:4200/' failed: Error in connection establishment: net::ERR_CONNECTION_REFUSED @ http://localhost:4200/@vite/client:1028
[  671079ms] [ERROR] WebSocket connection to 'ws://localhost:4200/' failed: Error in connection establishment: net::ERR_CONNECTION_REFUSED @ http://localhost:4200/@vite/client:1028
