[    1930ms] [ERROR] WebSocket connection to 'ws://localhost:4200/' failed: Error in connection establishment: net::ERR_CONNECTION_REFUSED @ http://localhost:4200/@vite/client:1028
[   43444ms] [LOG] Angular is running in development mode. @ http://localhost:4200/@fs/C:/Users/conta/Documents/dev/Angular-YOUTUBE/parking%20management/parking-management/.angular/cache/19.2.27/parking-management/vite/deps/chunk-6CBMWIVU.js?v=af291d70:18520
[   43652ms] [VERBOSE] [DOM] Input elements should have autocomplete attributes (suggested: "current-password"): (More info: https://www.chromium.org/developers/design-documents/create-amazing-password-forms) %o @ http://localhost:4200/auth/login:0
[  169704ms] [LOG] [vite] server connection lost. Polling for restart... @ http://localhost:4200/@vite/client:957
[  172057ms] [ERROR] WebSocket connection to 'ws://localhost:4200/' failed: Error in connection establishment: net::ERR_CONNECTION_REFUSED @ http://localhost:4200/@vite/client:1028
[  175403ms] [ERROR] WebSocket connection to 'ws://localhost:4200/' failed: Error in connection establishment: net::ERR_CONNECTION_REFUSED @ http://localhost:4200/@vite/client:1028
[  178773ms] [ERROR] WebSocket connection to 'ws://localhost:4200/' failed: Error in connection establishment: net::ERR_CONNECTION_REFUSED @ http://localhost:4200/@vite/client:1028
[  182135ms] [ERROR] WebSocket connection to 'ws://localhost:4200/' failed: Error in connection establishment: net::ERR_CONNECTION_REFUSED @ http://localhost:4200/@vite/client:1028
[  185487ms] [ERROR] WebSocket connection to 'ws://localhost:4200/' failed: Error in connection establishment: net::ERR_CONNECTION_REFUSED @ http://localhost:4200/@vite/client:1028
[  188855ms] [ERROR] WebSocket connection to 'ws://localhost:4200/' failed: Error in connection establishment: net::ERR_CONNECTION_REFUSED @ http://localhost:4200/@vite/client:1028
[  192216ms] [ERROR] WebSocket connection to 'ws://localhost:4200/' failed: Error in connection establishment: net::ERR_CONNECTION_REFUSED @ http://localhost:4200/@vite/client:1028
[  195586ms] [ERROR] WebSocket connection to 'ws://localhost:4200/' failed: Error in connection establishment: net::ERR_CONNECTION_REFUSED @ http://localhost:4200/@vite/client:1028
[  198946ms] [ERROR] WebSocket connection to 'ws://localhost:4200/' failed: Error in connection establishment: net::ERR_CONNECTION_REFUSED @ http://localhost:4200/@vite/client:1028
[  202293ms] [ERROR] WebSocket connection to 'ws://localhost:4200/' failed: Error in connection establishment: net::ERR_CONNECTION_REFUSED @ http://localhost:4200/@vite/client:1028
[  205675ms] [ERROR] WebSocket connection to 'ws://localhost:4200/' failed: Error in connection establishment: net::ERR_CONNECTION_REFUSED @ http://localhost:4200/@vite/client:1028
[  208507ms] [LOG] Angular is running in development mode. @ http://localhost:4200/@fs/C:/Users/conta/Documents/dev/Angular-YOUTUBE/parking%20management/parking-management/.angular/cache/19.2.27/parking-management/vite/deps/chunk-6CBMWIVU.js?v=af291d70:18520
[  208681ms] [VERBOSE] [DOM] Input elements should have autocomplete attributes (suggested: "current-password"): (More info: https://www.chromium.org/developers/design-documents/create-amazing-password-forms) %o @ http://localhost:4200/auth/login:0
[  714102ms] [LOG] [vite] server connection lost. Polling for restart... @ http://localhost:4200/@vite/client:957
[  716457ms] [ERROR] WebSocket connection to 'ws://localhost:4200/' failed: Error in connection establishment: net::ERR_CONNECTION_REFUSED @ http://localhost:4200/@vite/client:1028
[  719816ms] [ERROR] WebSocket connection to 'ws://localhost:4200/' failed: Error in connection establishment: net::ERR_CONNECTION_REFUSED @ http://localhost:4200/@vite/client:1028
[  723168ms] [ERROR] WebSocket connection to 'ws://localhost:4200/' failed: Error in connection establishment: net::ERR_CONNECTION_REFUSED @ http://localhost:4200/@vite/client:1028
[  726532ms] [ERROR] WebSocket connection to 'ws://localhost:4200/' failed: Error in connection establishment: net::ERR_CONNECTION_REFUSED @ http://localhost:4200/@vite/client:1028
[  729888ms] [ERROR] WebSocket connection to 'ws://localhost:4200/' failed: Error in connection establishment: net::ERR_CONNECTION_REFUSED @ http://localhost:4200/@vite/client:1028
[  733256ms] [ERROR] WebSocket connection to 'ws://localhost:4200/' failed: Error in connection establishment: net::ERR_CONNECTION_REFUSED @ http://localhost:4200/@vite/client:1028
[  736629ms] [ERROR] WebSocket connection to 'ws://localhost:4200/' failed: Error in connection establishment: net::ERR_CONNECTION_REFUSED @ http://localhost:4200/@vite/client:1028
[  740003ms] [ERROR] WebSocket connection to 'ws://localhost:4200/' failed: Error in connection establishment: net::ERR_CONNECTION_REFUSED @ http://localhost:4200/@vite/client:1028
[  743373ms] [ERROR] WebSocket connection to 'ws://localhost:4200/' failed: Error in connection establishment: net::ERR_CONNECTION_REFUSED @ http://localhost:4200/@vite/client:1028
[  746787ms] [ERROR] WebSocket connection to 'ws://localhost:4200/' failed: Error in connection establishment: net::ERR_CONNECTION_REFUSED @ http://localhost:4200/@vite/client:1028
[  750210ms] [ERROR] WebSocket connection to 'ws://localhost:4200/' failed: Error in connection establishment: net::ERR_CONNECTION_REFUSED @ http://localhost:4200/@vite/client:1028
[  753675ms] [ERROR] WebSocket connection to 'ws://localhost:4200/' failed: Error in connection establishment: net::ERR_CONNECTION_REFUSED @ http://localhost:4200/@vite/client:1028
[  757201ms] [ERROR] WebSocket connection to 'ws://localhost:4200/' failed: Error in connection establishment: net::ERR_CONNECTION_REFUSED @ http://localhost:4200/@vite/client:1028
[  760793ms] [ERROR] WebSocket connection to 'ws://localhost:4200/' failed: Error in connection establishment: net::ERR_CONNECTION_REFUSED @ http://localhost:4200/@vite/client:1028
[  764821ms] [ERROR] WebSocket connection to 'ws://localhost:4200/' failed: Error in connection establishment: net::ERR_CONNECTION_REFUSED @ http://localhost:4200/@vite/client:1028
